---
source: crates/probe-tui/tests/hello_demo.rs
assertion_line: 77
expression: snapshot
---
┌──────────────────────────────────────────────────────────────────────────────┐
│  Overview │ Events                                                           │
└──────────────────────────────────────────────────────────────────────────────┘

┌─ Current Detail ────────────────────────────┐ ┌─ Setup Status ───────────────┐
│ Running call 1/3: Sanity Check              │ │ phase: running               │
│                                             │ │ call: 1/3                    │
│ Prompt                                      │ │ focus: setup screen          │
│ Reply with exactly READY.                   │ │ stack_depth: 1               │
│                                             │ │ availability_ready: true     │
│ Response                                    │ └──────────────────────────────┘
│ [waiting for Apple FM reply]                │
│                                             │ ┌─ Backend Facts ──────────────┐
│                                             │ │ profile: psionic-apple-fm-br │
│                                             │ │ base_url: http://127.0.0.1:1 │
│                                             │ │ model: apple-foundation-mode │
│                                             │ │                              │
│                                             │ │                              │
│                                             │ └──────────────────────────────┘
└─────────────────────────────────────────────┘

┌──────────────────────────────────────────────────────────────────────────────┐
│ Tab/Arrow switch view | r rerun setup | t toggle detail | ? help | q quit    │
└──────────────────────────────────────────────────────────────────────────────┘
