---
source: crates/probe-tui/tests/hello_demo.rs
assertion_line: 77
expression: snapshot
---
┌──────────────────────────────────────────────────────────────────────────────┐
│  Chat │ Setup │ Events                                                       │
└──────────────────────────────────────────────────────────────────────────────┘

┌─ Transcript ──────────────────────────────────────┐ ┌─ Shell Status ─────────┐
│ [system] Shell Ready                              │ │ phase: running         │
│   Probe selected a retained transcript widget as  │ │ call: 1/3              │
│ the initial TUI model.                            │ │ focus: chat shell      │
│   Press r to start the Apple FM prove-out.        │ │ stack_depth: 1         │
│                                                   │ │ availability_ready: tr │
│ [status] Availability Ready                       │ └────────────────────────┘
│   platform: macOS                                 │
│   Apple FM admitted this machine for the setup    │ ┌─ Bridge ───────────────┐
│ prove-out.                                        │ │ profile: psionic-apple │
│                                                   │ │ base_url: http://127.0 │
│ [active tool] Call 1/3: Sanity Check              │ │ model: apple-foundatio │
│   Prompt                                          │ │                        │
│   Reply with exactly READY.                       │ └────────────────────────┘
│   Response                                        │
└───────────────────────────────────────────────────┘ ┌─ Setup Entry ──────────┐

┌──────────────────────────────────────────────────────────────────────────────┐
│ Tab/Arrow switch view | r rerun setup | t toggle detail | ? help | q quit    │
└──────────────────────────────────────────────────────────────────────────────┘
