---
source: crates/probe-tui/tests/hello_demo.rs
assertion_line: 33
expression: snapshot
---
┌──────────────────────────────────────────────────────────────────────────────┐
│Probe TUI Hello                                                               │
└──────────────────────────────────────────────────────────────────────────────┘
Textual-inspired Rust shell with a screen stack, app messages, and worker owners
┌Hello Demo────────────────────────────────────────────────────────────────────┐
└──────────────────────────────────────────────────────────────────────────────┘
┌Main Panel──────────────────────────────────────┐┌Screen Stack────────────────┐
│Probe now has a visible terminal UI target to   ││depth: 1                    │
│iterate on.                                     ││base: hello screen          │
│                                                ││focus: hello screen         │
│Use r to start a background task.               │└────────────────────────────┘
│Use Tab or Left/Right to switch views.          │┌Task Status─────────────────┐
│Use ? to open the focused help modal.           ││Probe setup demo            │
│                                                ││                            │
│                                                ││State: running (1/2)        │
│                                                ││worker accepted the request │
│                                                ││and reserved the task lane  │
│                                                ││                            │
│                                                ││                            │
│                                                ││                            │
└────────────────────────────────────────────────┘└────────────────────────────┘
┌──────────────────────────────────────────────────────────────────────────────┐
│Tab/Arrow switch view | r run task | t toggle body | ? help | q quit          │
└──────────────────────────────────────────────────────────────────────────────┘
