---
source: crates/probe-tui/tests/hello_demo.rs
assertion_line: 43
expression: snapshot
---
┌──────────────────────────────────────────────────────────────────────────────┐
│  Chat │ Setup │ Events                                                       │
└──────────────────────────────────────────────────────────────────────────────┘

┌─ Transcript ──────────────────────────────────────┐ ┌─ Shell Status ─────────┐
│ [system] Shell Ready                              │ │ phase: unavailable     │
│   Probe selected a retained transcript widget as  │ │ calls_done: 0          │
│ the initial TUI model.                            │ │ focus: chat shell      │
│   Press Ctrl+R to start or rerun the Apple FM     │ └────────────────────────┘
│ prove-out.                                        │
│                                                   │ ┌─ Bridge ───────────────┐
│ [status] Availability Unavailable                 │ │ profile: psionic-apple │
│   reason: model_not_ready                         │ │ base_url: http://127.0 │
│   Probe stopped before issuing any inference      │ │ model: apple-foundatio │
│ call.                                             │ └────────────────────────┘
└───────────────────────────────────────────────────┘

┌──────────────────────────────────────────────────────────────────────────────┐
│ status: Apple FM unavailable | Tab/Shift+Tab | Ctrl+R | F1 | Ctrl+C          │
└──────────────────────────────────────────────────────────────────────────────┘

┌─ Composer ───────────────────────────────────────────────────────────────────┐
│ Type a Probe message. Enter submits. Ctrl+J inserts a newline.               │
└──────────────────────────────────────────────────────────────────────────────┘
