---
source: crates/probe-tui/tests/hello_demo.rs
assertion_line: 211
expression: snapshot
---
┌──────────────────────────────────────────────────────────────────────────────┐
│  Chat │ Setup │ Events                                                       │
└──────────────────────────────────────────────────────────────────────────────┘

┌─ Transcript ──────────────────────────────────────┐ ┌─ Shell Status ─────────┐
│ [system] Shell Ready                              │ │ phase: completed       │
│   Probe selected a retained transcript widget as  │ │ calls_done: 3          │
│ the initial TUI model.                            │ │ focus: chat shell      │
│   Press Ctrl+R to start or rerun the Apple FM     │ └────────────────────────┘
│ prove-out.                                        │
│                                                   │ ┌─ Bridge ───────────────┐
│ [status] Availability Ready                       │ │ profile: psionic-apple │
│   platform: macOS                                 │ │ base_url: http://127.0 │
│   Apple FM admitted this machine for the setup    │ │ model: apple-foundatio │
│ prove-out.                                        │ └────────────────────────┘
└───────────────────────────────────────────────────┘

┌──────────────────────────────────────────────────────────────────────────────┐
│ status: Apple FM setup completed | Tab/Shift+Tab | Ctrl+R | F1 | Ctrl+C      │
└──────────────────────────────────────────────────────────────────────────────┘

┌─ Composer ───────────────────────────────────────────────────────────────────┐
│ Type a Probe message. Enter submits. Ctrl+J inserts a newline.               │
└──────────────────────────────────────────────────────────────────────────────┘
