---
source: crates/probe-tui/tests/hello_demo.rs
expression: snapshot
---
┌──────────────────────────────────────────────────────────────────────────────┐
│Probe TUI Hello                                                               │
└──────────────────────────────────────────────────────────────────────────────┘



           ┌Help────────────────────────────────────────────────────┐
           │Probe TUI Hello Keys                                    │
           │                                                        │
           │Tab / Left / Right  switch views                        │
           │t                   toggle body copy                    │
           │? or F1             open or dismiss this modal          │
           │Esc                 dismiss this modal                  │
           │q or Ctrl+C         quit                                │
           │                                                        │
           │Current stack depth: 2                                  │
           │                                                        │
           └────────────────────────────────────────────────────────┘



┌──────────────────────────────────────────────────────────────────────────────┐
│Tab/Arrow switch view | t toggle body | ? help | q quit                       │
└──────────────────────────────────────────────────────────────────────────────┘
