---
source: crates/probe-tui/tests/hello_demo.rs
assertion_line: 77
expression: snapshot
---
┌──────────────────────────────────────────────────────────────────────────────┐
│  Overview │ Events                                                           │
└──────────────────────────────────────────────────────────────────────────────┘

┌─ Transcript ────────────────────────────────┐ ┌─ Setup Status ───────────────┐
│ [system] Shell Ready                        │ │ phase: running               │
│   Probe selected a retained transcript      │ │ call: 1/3                    │
│ widget as the initial TUI model.            │ │ focus: setup screen          │
│   Press r to start the Apple FM prove-out.  │ │ stack_depth: 1               │
│                                             │ │ availability_ready: true     │
│ [status] Availability Ready                 │ └──────────────────────────────┘
│   platform: macOS                           │
│   Apple FM admitted this machine for the    │ ┌─ Backend Facts ──────────────┐
│ setup prove-out.                            │ │ profile: psionic-apple-fm-br │
│                                             │ │ base_url: http://127.0.0.1:1 │
│ [active tool] Call 1/3: Sanity Check        │ │ model: apple-foundation-mode │
│   Prompt                                    │ │                              │
│   Reply with exactly READY.                 │ │                              │
│   Response                                  │ └──────────────────────────────┘
└─────────────────────────────────────────────┘

┌──────────────────────────────────────────────────────────────────────────────┐
│ Tab/Arrow switch view | r rerun setup | t toggle detail | ? help | q quit    │
└──────────────────────────────────────────────────────────────────────────────┘
