---
source: crates/probe-tui/tests/probe_tui.rs
expression: snapshot
---




           ┌─ Approval ─────────────────────────────────────────────┐
           │ Review this tool request.                              │
           │                                                        │
           │ tool: apply_patch                                      │
           │ call: call_patch_1                                     │
           │ risk: write                                            │
           │ turns: 1 -> 2                                          │
           │ why: tool `apply_patch` requires write approval        │
           │                                                        │
           │ preview                                                │
           │   {                                                    │
           │     "new_text": "probe",                               │
           │     "old_text": "world",                               │
           │     "path": "hello.txt"                                │
           │   }                                                    │
           └────────────────────────────────────────────────────────┘
