---
source: crates/probe-tui/tests/probe_tui.rs
expression: snapshot
---



           ┌─ Setup ────────────────────────────────────────────────┐
           │ Last completed call: Next Step                         │
           │                                                        │
           │ Response                                               │
           │ The TUI should now prove live Apple FM setup truth on  │
           │ startup.                                               │
           │                                                        │
           │ response_id: resp-3                                    │
           │ model: apple-foundation-model                          │
           └────────────────────────────────────────────────────────┘




┌──────────────────────────────────────────────────────────────────────────────┐
│ status: opened setup overlay | backend: pending | phase: idle | Tab |        │
└──────────────────────────────────────────────────────────────────────────────┘

┌─ Composer (disabled) ────────────────────────────────────────────────────────┐
│ Composer disabled while setup owns focus. Esc returns to chat.               │
└──────────────────────────────────────────────────────────────────────────────┘
