---
source: crates/probe-tui/tests/probe_tui.rs
expression: snapshot
---



           ┌─ Backend ──────────────────────────────────────────────┐
           │ Working through Apple FM proof 1/3: Sanity Check       │
           │                                                        │
           │ now: Sanity Check                                      │
           │ prompt                                                 │
           │ Reply with exactly READY.                              │
           │                                                        │
           │ reply                                                  │
           │ [waiting for Apple FM reply]                           │
           └────────────────────────────────────────────────────────┘




┌──────────────────────────────────────────────────────────────────────────────┐
│ status: opened backend overlay | backend: apple_fm_bridge | target:          │
└──────────────────────────────────────────────────────────────────────────────┘

┌─ Composer (disabled) ────────────────────────────────────────────────────────┐
│ Backend details own focus. Esc returns to chat.                              │
└──────────────────────────────────────────────────────────────────────────────┘
