---
source: crates/probe-tui/tests/probe_tui.rs
expression: snapshot
---



           ┌─ Setup ────────────────────────────────────────────────┐
           │ Probe setup surface is ready.                          │
           │                                                        │
           │ Press Ctrl+R to start or rerun the Apple FM setup      │
           │ flow.                                                  │
           │                                                        │
           │ Setup Status                                           │
           │   phase: idle                                          │
           │   calls_done: 0                                        │
           └────────────────────────────────────────────────────────┘




┌──────────────────────────────────────────────────────────────────────────────┐
│ status: opened setup overlay | Tab | Ctrl+R/S/A/O | Up/Down | F1 | Ctrl+C    │
└──────────────────────────────────────────────────────────────────────────────┘

┌─ Composer (disabled) ────────────────────────────────────────────────────────┐
│ Composer disabled while setup owns focus. Esc returns to chat.               │
└──────────────────────────────────────────────────────────────────────────────┘
