---
source: crates/probe-tui/tests/probe_tui.rs
expression: snapshot
---



           ┌─ Backend ──────────────────────────────────────────────┐
           │ Running call 1/3: Sanity Check                         │
           │                                                        │
           │ Prompt                                                 │
           │ Reply with exactly READY.                              │
           │                                                        │
           │ Response                                               │
           │ [waiting for Apple FM reply]                           │
           │                                                        │
           └────────────────────────────────────────────────────────┘




┌──────────────────────────────────────────────────────────────────────────────┐
│ status: opened backend overlay | backend: apple_fm_bridge | target:          │
└──────────────────────────────────────────────────────────────────────────────┘

┌─ Composer (disabled) ────────────────────────────────────────────────────────┐
│ Composer disabled while backend overlay owns focus. Esc returns to chat.     │
└──────────────────────────────────────────────────────────────────────────────┘
