---
source: crates/probe-tui/tests/probe_tui.rs
assertion_line: 40
expression: snapshot
---
┌──────────────────────────────────────────────────────────────────────────────┐
│  Codex │ Qwen │ Apple FM                                                     │
└──────────────────────────────────────────────────────────────────────────────┘

┌─ Transcript ─────────────────────────────────────────────────────────────────┐
│                                                                              │
│                                                                              │
│                                                                              │
│                                                                              │
│                                                                              │
│                                                                              │
│                                                                              │
│                                                                              │
│                                                                              │
└──────────────────────────────────────────────────────────────────────────────┘

┌──────────────────────────────────────────────────────────────────────────────┐
│ status: probe tui launched | backend: openai_chat_completions | target:      │
└──────────────────────────────────────────────────────────────────────────────┘

┌─ Composer ───────────────────────────────────────────────────────────────────┐
│ cmd: plain                                                                   │
│ Type a Probe message. Enter submits. Ctrl+J inserts a newline.               │
└──────────────────────────────────────────────────────────────────────────────┘
