---
source: crates/probe-tui/tests/probe_tui.rs
expression: snapshot
---
┌──────────────────────────────────────────────────────────────────────────────┐
│  Codex │ Qwen │ Apple FM                                                     │
└──────────────────────────────────────────────────────────────────────────────┘

┌─ Session ────────────────────────────────────────────────────────────────────┐
│ activity: ready                                                              │
│ next: Describe the change you want                                           │
│ workspace: probe-tui                                                         │
│ lane: Qwen                                                                   │
└──────────────────────────────────────────────────────────────────────────────┘

┌─ Start Here ─────────────────────────────────────────────────────────────────┐
│                                                                              │
│ Keys: F2 status · F4 tasks · Ctrl+G git                                      │
└──────────────────────────────────────────────────────────────────────────────┘

┌──────────────────────────────────────────────────────────────────────────────┐
│ status: probe tui launched | backend: openai_chat_completions | target:      │
└──────────────────────────────────────────────────────────────────────────────┘

┌─ Composer ───────────────────────────────────────────────────────────────────┐
│ cmd: plain                                                                   │
│ Type a Probe message. Enter submits. Ctrl+J inserts a newline.               │
└──────────────────────────────────────────────────────────────────────────────┘
