---
source: crates/probe-tui/tests/probe_tui.rs
expression: snapshot
---



           ┌─ Setup ────────────────────────────────────────────────┐
           │ Running call 1/3: Sanity Check                         │
           │                                                        │
           │ Prompt                                                 │
           │ Reply with exactly READY.                              │
           │                                                        │
           │ Response                                               │
           │ [waiting for Apple FM reply]                           │
           │                                                        │
           └────────────────────────────────────────────────────────┘




┌──────────────────────────────────────────────────────────────────────────────┐
│ status: opened setup overlay | Tab | Ctrl+R/S/A/O | Up/Down | F1 | Ctrl+C    │
└──────────────────────────────────────────────────────────────────────────────┘

┌─ Composer (disabled) ────────────────────────────────────────────────────────┐
│ Composer disabled while setup owns focus. Esc returns to chat.               │
└──────────────────────────────────────────────────────────────────────────────┘
