---
source: crates/probe-tui/tests/probe_tui.rs
expression: snapshot
---




           ┌─ Backend ──────────────────────────────────────────────┐
           │ Probe setup surface is ready.                          │
           │                                                        │
           │ Press Ctrl+R to start or rerun the Apple FM setup      │
           │ flow.                                                  │
           │                                                        │
           │ Backend Status                                         │
           │   phase: idle                                          │
           │   calls_done: 0                                        │
           │   focus: backend overlay                               │
           │   stack_depth: 2                                       │
           │   availability_ready: idle                             │
           └────────────────────────────────────────────────────────┘




┌───────────────────────────────── locked · plain · apple-foundation-model · . ┐
│ Input disabled while backend overlay owns focus. Esc returns to chat.        │
└──────────────────────────────────────────────────────────────────────────────┘
