---
source: crates/probe-tui/tests/probe_tui.rs
expression: snapshot
---



           ┌─ Backend ──────────────────────────────────────────────┐
           │ Latest proof step: Next Step                           │
           │                                                        │
           │ reply                                                  │
           │ The TUI should now prove live Apple FM setup truth on  │
           │ startup.                                               │
           │ usage_total: 34 (exact)                                │
           │                                                        │
           │ status: completed                                      │
           └────────────────────────────────────────────────────────┘




┌──────────────────────────────────────────────────────────────────────────────┐
│ status: opened backend overlay | backend: apple_fm_bridge | target:          │
└──────────────────────────────────────────────────────────────────────────────┘

┌─ Composer (disabled) ────────────────────────────────────────────────────────┐
│ Backend details own focus. Esc returns to chat.                              │
└──────────────────────────────────────────────────────────────────────────────┘
