---
source: crates/probe-tui/tests/probe_tui.rs
expression: snapshot
---



           ┌─ Backend ──────────────────────────────────────────────┐
           │ Run the Apple FM setup proof when you need it.         │
           │                                                        │
           │ Press Ctrl+R to start or rerun the Apple FM setup      │
           │ flow.                                                  │
           │                                                        │
           │ status: idle                                           │
           │ base_url: pending                                      │
           │ model: pending                                         │
           └────────────────────────────────────────────────────────┘




┌──────────────────────────────────────────────────────────────────────────────┐
│ status: opened backend overlay | backend: apple_fm_bridge | target:          │
└──────────────────────────────────────────────────────────────────────────────┘

┌─ Composer (disabled) ────────────────────────────────────────────────────────┐
│ Backend details own focus. Esc returns to chat.                              │
└──────────────────────────────────────────────────────────────────────────────┘
