---
source: crates/probe-tui/tests/probe_tui.rs
expression: snapshot
---



           ┌─ Help ─────────────────────────────────────────────────┐
           │ Move                                                   │
           │                                                        │
           │ Tab / Shift+Tab   lanes / Codex effort                 │
           │ PgUp / PgDn       scroll transcript                    │
           │ Up / Down         draft history                        │
           │                                                        │
           │ Act                                                    │
           │                                                        │
           └────────────────────────────────────────────────────────┘




┌──────────────────────────────────────────────────────────────────────────────┐
│ status: opened help modal | backend: openai_chat_completions | target:       │
└──────────────────────────────────────────────────────────────────────────────┘

┌─ Composer (disabled) ────────────────────────────────────────────────────────┐
│ Help owns focus. Esc closes it.                                              │
└──────────────────────────────────────────────────────────────────────────────┘
