---
source: crates/probe-tui/tests/probe_tui.rs
expression: snapshot
---
┌──────────────────────────────────────────────────────────────────────────────┐
│  Qwen │ Apple FM                                                             │
└──────────────────────────────────────────────────────────────────────────────┘

┌─ Transcript ─────────────────────────────────────────────────────────────────┐
│ Transcript is empty.                                                         │
│                                                                              │
│ Type in the composer to start a real chat turn.                              │
│ Committed turns stay in app state while one explicit active turn renders     │
│ live work.                                                                   │
│                                                                              │
│                                                                              │
│                                                                              │
│                                                                              │
└──────────────────────────────────────────────────────────────────────────────┘

┌──────────────────────────────────────────────────────────────────────────────┐
│ status: probe tui launched | backend: openai_chat_completions | target:      │
└──────────────────────────────────────────────────────────────────────────────┘

┌─ Composer ───────────────────────────────────────────────────────────────────┐
│ cmd: plain                                                                   │
│ Type a Probe message. Enter submits. Ctrl+J inserts a newline.               │
└──────────────────────────────────────────────────────────────────────────────┘
