---
source: crates/probe-tui/tests/probe_tui.rs
expression: snapshot
---




           ┌─ Backend ──────────────────────────────────────────────┐
           │ Apple FM is not ready on this machine right now.       │
           │                                                        │
           │ Foundation model is still preparing                    │
           │                                                        │
           │ Press Ctrl+R to rerun the setup check after the        │
           │ machine is admitted.                                   │
           │                                                        │
           │ Backend Status                                         │
           │   phase: unavailable                                   │
           │   calls_done: 0                                        │
           │   focus: backend overlay                               │
           └────────────────────────────────────────────────────────┘




┌───────────────────────────────── locked | plain | apple-foundation-model | x ┐
│ Input disabled while backend overlay owns focus. Esc returns to chat.        │
└──────────────────────────────────────────────────────────────────────────────┘
