---
source: crates/probe-tui/tests/probe_tui.rs
expression: snapshot
---




           ┌─ Backend ──────────────────────────────────────────────┐
           │ Last completed call: Next Step                         │
           │                                                        │
           │ Response                                               │
           │ The TUI should now prove live Apple FM setup truth on  │
           │ startup.                                               │
           │                                                        │
           │ response_id: resp-3                                    │
           │ model: apple-foundation-model                          │
           │ usage_total: 34 (exact)                                │
           │                                                        │
           │ Backend Status                                         │
           └────────────────────────────────────────────────────────┘




┌───────────────────────────────── locked | plain | apple-foundation-model | . ┐
│ Input disabled while backend overlay owns focus. Esc returns to chat.        │
└──────────────────────────────────────────────────────────────────────────────┘
